// Vitest Snapshot v1, https://vitest.dev/guide/snapshot.html

exports[`generator - github-build-matrix > with native > should match matrix value 1`] = `
{
  "include": [
    {
      "build-tool": "maven",
      "default-environment": "prod",
      "e2e": "true",
      "java-version": "21",
      "job-name": "mvc-jwt.jdl (maven, ubuntu-latest)",
      "jwt-secret-key": "ZjY4MTM4YjI5YzMwZjhjYjI2OTNkNTRjMWQ5Y2Q0Y2YwOWNmZTE2NzRmYzU3NTMwM2NjOTE3MTllOTM3MWRkMzcyYTljMjVmNmQ0Y2MxOTUzODc0MDhhMTlkMDIxMzI2YzQzZDM2ZDE3MmQ3NjVkODk3OTVmYzljYTQyZDNmMTQ=",
      "node-version": "22.11.0",
      "npm-version": "10.9.0",
      "os": "ubuntu-latest",
      "sample": "mvc-jwt.jdl",
      "samples-group": "native",
    },
    {
      "build-tool": "maven",
      "default-environment": "prod",
      "e2e": "true",
      "java-version": "21",
      "job-name": "mvc-oauth.jdl (maven, ubuntu-latest)",
      "jwt-secret-key": "ZjY4MTM4YjI5YzMwZjhjYjI2OTNkNTRjMWQ5Y2Q0Y2YwOWNmZTE2NzRmYzU3NTMwM2NjOTE3MTllOTM3MWRkMzcyYTljMjVmNmQ0Y2MxOTUzODc0MDhhMTlkMDIxMzI2YzQzZDM2ZDE3MmQ3NjVkODk3OTVmYzljYTQyZDNmMTQ=",
      "node-version": "22.11.0",
      "npm-version": "10.9.0",
      "os": "ubuntu-latest",
      "sample": "mvc-oauth.jdl",
      "samples-group": "native",
    },
    {
      "build-tool": "maven",
      "default-environment": "prod",
      "e2e": "true",
      "java-version": "21",
      "job-name": "webflux-jwt.jdl (maven, ubuntu-latest)",
      "jwt-secret-key": "ZjY4MTM4YjI5YzMwZjhjYjI2OTNkNTRjMWQ5Y2Q0Y2YwOWNmZTE2NzRmYzU3NTMwM2NjOTE3MTllOTM3MWRkMzcyYTljMjVmNmQ0Y2MxOTUzODc0MDhhMTlkMDIxMzI2YzQzZDM2ZDE3MmQ3NjVkODk3OTVmYzljYTQyZDNmMTQ=",
      "node-version": "22.11.0",
      "npm-version": "10.9.0",
      "os": "ubuntu-latest",
      "sample": "webflux-jwt.jdl",
      "samples-group": "native",
    },
    {
      "build-tool": "maven",
      "default-environment": "prod",
      "e2e": "true",
      "java-version": "21",
      "job-name": "webflux-oauth.jdl (maven, ubuntu-latest)",
      "jwt-secret-key": "ZjY4MTM4YjI5YzMwZjhjYjI2OTNkNTRjMWQ5Y2Q0Y2YwOWNmZTE2NzRmYzU3NTMwM2NjOTE3MTllOTM3MWRkMzcyYTljMjVmNmQ0Y2MxOTUzODc0MDhhMTlkMDIxMzI2YzQzZDM2ZDE3MmQ3NjVkODk3OTVmYzljYTQyZDNmMTQ=",
      "node-version": "22.11.0",
      "npm-version": "10.9.0",
      "os": "ubuntu-latest",
      "sample": "webflux-oauth.jdl",
      "samples-group": "native",
    },
    {
      "build-tool": "gradle",
      "default-environment": "prod",
      "e2e": "true",
      "java-version": "21",
      "job-name": "mvc-jwt.jdl (gradle, ubuntu-latest)",
      "jwt-secret-key": "ZjY4MTM4YjI5YzMwZjhjYjI2OTNkNTRjMWQ5Y2Q0Y2YwOWNmZTE2NzRmYzU3NTMwM2NjOTE3MTllOTM3MWRkMzcyYTljMjVmNmQ0Y2MxOTUzODc0MDhhMTlkMDIxMzI2YzQzZDM2ZDE3MmQ3NjVkODk3OTVmYzljYTQyZDNmMTQ=",
      "node-version": "22.11.0",
      "npm-version": "10.9.0",
      "os": "ubuntu-latest",
      "sample": "mvc-jwt.jdl",
      "samples-group": "native",
    },
    {
      "build-tool": "gradle",
      "default-environment": "prod",
      "e2e": "true",
      "java-version": "21",
      "job-name": "mvc-oauth.jdl (gradle, ubuntu-latest)",
      "jwt-secret-key": "ZjY4MTM4YjI5YzMwZjhjYjI2OTNkNTRjMWQ5Y2Q0Y2YwOWNmZTE2NzRmYzU3NTMwM2NjOTE3MTllOTM3MWRkMzcyYTljMjVmNmQ0Y2MxOTUzODc0MDhhMTlkMDIxMzI2YzQzZDM2ZDE3MmQ3NjVkODk3OTVmYzljYTQyZDNmMTQ=",
      "node-version": "22.11.0",
      "npm-version": "10.9.0",
      "os": "ubuntu-latest",
      "sample": "mvc-oauth.jdl",
      "samples-group": "native",
    },
    {
      "build-tool": "gradle",
      "default-environment": "prod",
      "e2e": "true",
      "java-version": "21",
      "job-name": "webflux-jwt.jdl (gradle, ubuntu-latest)",
      "jwt-secret-key": "ZjY4MTM4YjI5YzMwZjhjYjI2OTNkNTRjMWQ5Y2Q0Y2YwOWNmZTE2NzRmYzU3NTMwM2NjOTE3MTllOTM3MWRkMzcyYTljMjVmNmQ0Y2MxOTUzODc0MDhhMTlkMDIxMzI2YzQzZDM2ZDE3MmQ3NjVkODk3OTVmYzljYTQyZDNmMTQ=",
      "node-version": "22.11.0",
      "npm-version": "10.9.0",
      "os": "ubuntu-latest",
      "sample": "webflux-jwt.jdl",
      "samples-group": "native",
    },
    {
      "build-tool": "gradle",
      "default-environment": "prod",
      "e2e": "true",
      "java-version": "21",
      "job-name": "webflux-oauth.jdl (gradle, ubuntu-latest)",
      "jwt-secret-key": "ZjY4MTM4YjI5YzMwZjhjYjI2OTNkNTRjMWQ5Y2Q0Y2YwOWNmZTE2NzRmYzU3NTMwM2NjOTE3MTllOTM3MWRkMzcyYTljMjVmNmQ0Y2MxOTUzODc0MDhhMTlkMDIxMzI2YzQzZDM2ZDE3MmQ3NjVkODk3OTVmYzljYTQyZDNmMTQ=",
      "node-version": "22.11.0",
      "npm-version": "10.9.0",
      "os": "ubuntu-latest",
      "sample": "webflux-oauth.jdl",
      "samples-group": "native",
    },
    {
      "build-tool": "maven",
      "default-environment": "prod",
      "e2e": "true",
      "java-version": "21",
      "job-name": "mvc-jwt.jdl (maven, macos-13)",
      "jwt-secret-key": "ZjY4MTM4YjI5YzMwZjhjYjI2OTNkNTRjMWQ5Y2Q0Y2YwOWNmZTE2NzRmYzU3NTMwM2NjOTE3MTllOTM3MWRkMzcyYTljMjVmNmQ0Y2MxOTUzODc0MDhhMTlkMDIxMzI2YzQzZDM2ZDE3MmQ3NjVkODk3OTVmYzljYTQyZDNmMTQ=",
      "node-version": "22.11.0",
      "npm-version": "10.9.0",
      "os": "macos-13",
      "sample": "mvc-jwt.jdl",
      "samples-group": "native",
    },
    {
      "build-tool": "maven",
      "default-environment": "prod",
      "e2e": "true",
      "java-version": "21",
      "job-name": "mvc-oauth.jdl (maven, macos-13)",
      "jwt-secret-key": "ZjY4MTM4YjI5YzMwZjhjYjI2OTNkNTRjMWQ5Y2Q0Y2YwOWNmZTE2NzRmYzU3NTMwM2NjOTE3MTllOTM3MWRkMzcyYTljMjVmNmQ0Y2MxOTUzODc0MDhhMTlkMDIxMzI2YzQzZDM2ZDE3MmQ3NjVkODk3OTVmYzljYTQyZDNmMTQ=",
      "node-version": "22.11.0",
      "npm-version": "10.9.0",
      "os": "macos-13",
      "sample": "mvc-oauth.jdl",
      "samples-group": "native",
    },
    {
      "build-tool": "maven",
      "default-environment": "prod",
      "e2e": "true",
      "java-version": "21",
      "job-name": "webflux-jwt.jdl (maven, macos-13)",
      "jwt-secret-key": "ZjY4MTM4YjI5YzMwZjhjYjI2OTNkNTRjMWQ5Y2Q0Y2YwOWNmZTE2NzRmYzU3NTMwM2NjOTE3MTllOTM3MWRkMzcyYTljMjVmNmQ0Y2MxOTUzODc0MDhhMTlkMDIxMzI2YzQzZDM2ZDE3MmQ3NjVkODk3OTVmYzljYTQyZDNmMTQ=",
      "node-version": "22.11.0",
      "npm-version": "10.9.0",
      "os": "macos-13",
      "sample": "webflux-jwt.jdl",
      "samples-group": "native",
    },
    {
      "build-tool": "maven",
      "default-environment": "prod",
      "e2e": "true",
      "java-version": "21",
      "job-name": "webflux-oauth.jdl (maven, macos-13)",
      "jwt-secret-key": "ZjY4MTM4YjI5YzMwZjhjYjI2OTNkNTRjMWQ5Y2Q0Y2YwOWNmZTE2NzRmYzU3NTMwM2NjOTE3MTllOTM3MWRkMzcyYTljMjVmNmQ0Y2MxOTUzODc0MDhhMTlkMDIxMzI2YzQzZDM2ZDE3MmQ3NjVkODk3OTVmYzljYTQyZDNmMTQ=",
      "node-version": "22.11.0",
      "npm-version": "10.9.0",
      "os": "macos-13",
      "sample": "webflux-oauth.jdl",
      "samples-group": "native",
    },
    {
      "build-tool": "gradle",
      "default-environment": "prod",
      "e2e": "true",
      "java-version": "21",
      "job-name": "mvc-jwt.jdl (gradle, macos-13)",
      "jwt-secret-key": "ZjY4MTM4YjI5YzMwZjhjYjI2OTNkNTRjMWQ5Y2Q0Y2YwOWNmZTE2NzRmYzU3NTMwM2NjOTE3MTllOTM3MWRkMzcyYTljMjVmNmQ0Y2MxOTUzODc0MDhhMTlkMDIxMzI2YzQzZDM2ZDE3MmQ3NjVkODk3OTVmYzljYTQyZDNmMTQ=",
      "node-version": "22.11.0",
      "npm-version": "10.9.0",
      "os": "macos-13",
      "sample": "mvc-jwt.jdl",
      "samples-group": "native",
    },
    {
      "build-tool": "gradle",
      "default-environment": "prod",
      "e2e": "true",
      "java-version": "21",
      "job-name": "mvc-oauth.jdl (gradle, macos-13)",
      "jwt-secret-key": "ZjY4MTM4YjI5YzMwZjhjYjI2OTNkNTRjMWQ5Y2Q0Y2YwOWNmZTE2NzRmYzU3NTMwM2NjOTE3MTllOTM3MWRkMzcyYTljMjVmNmQ0Y2MxOTUzODc0MDhhMTlkMDIxMzI2YzQzZDM2ZDE3MmQ3NjVkODk3OTVmYzljYTQyZDNmMTQ=",
      "node-version": "22.11.0",
      "npm-version": "10.9.0",
      "os": "macos-13",
      "sample": "mvc-oauth.jdl",
      "samples-group": "native",
    },
    {
      "build-tool": "gradle",
      "default-environment": "prod",
      "e2e": "true",
      "java-version": "21",
      "job-name": "webflux-jwt.jdl (gradle, macos-13)",
      "jwt-secret-key": "ZjY4MTM4YjI5YzMwZjhjYjI2OTNkNTRjMWQ5Y2Q0Y2YwOWNmZTE2NzRmYzU3NTMwM2NjOTE3MTllOTM3MWRkMzcyYTljMjVmNmQ0Y2MxOTUzODc0MDhhMTlkMDIxMzI2YzQzZDM2ZDE3MmQ3NjVkODk3OTVmYzljYTQyZDNmMTQ=",
      "node-version": "22.11.0",
      "npm-version": "10.9.0",
      "os": "macos-13",
      "sample": "webflux-jwt.jdl",
      "samples-group": "native",
    },
    {
      "build-tool": "gradle",
      "default-environment": "prod",
      "e2e": "true",
      "java-version": "21",
      "job-name": "webflux-oauth.jdl (gradle, macos-13)",
      "jwt-secret-key": "ZjY4MTM4YjI5YzMwZjhjYjI2OTNkNTRjMWQ5Y2Q0Y2YwOWNmZTE2NzRmYzU3NTMwM2NjOTE3MTllOTM3MWRkMzcyYTljMjVmNmQ0Y2MxOTUzODc0MDhhMTlkMDIxMzI2YzQzZDM2ZDE3MmQ3NjVkODk3OTVmYzljYTQyZDNmMTQ=",
      "node-version": "22.11.0",
      "npm-version": "10.9.0",
      "os": "macos-13",
      "sample": "webflux-oauth.jdl",
      "samples-group": "native",
    },
    {
      "build-tool": "maven",
      "default-environment": "dev",
      "e2e": "false",
      "java-version": "21",
      "job-name": "mvc-jwt.jdl (maven, windows-latest)",
      "jwt-secret-key": "ZjY4MTM4YjI5YzMwZjhjYjI2OTNkNTRjMWQ5Y2Q0Y2YwOWNmZTE2NzRmYzU3NTMwM2NjOTE3MTllOTM3MWRkMzcyYTljMjVmNmQ0Y2MxOTUzODc0MDhhMTlkMDIxMzI2YzQzZDM2ZDE3MmQ3NjVkODk3OTVmYzljYTQyZDNmMTQ=",
      "node-version": "22.11.0",
      "npm-version": "10.9.0",
      "os": "windows-latest",
      "sample": "mvc-jwt.jdl",
      "samples-group": "native",
    },
    {
      "build-tool": "maven",
      "default-environment": "dev",
      "e2e": "false",
      "java-version": "21",
      "job-name": "mvc-oauth.jdl (maven, windows-latest)",
      "jwt-secret-key": "ZjY4MTM4YjI5YzMwZjhjYjI2OTNkNTRjMWQ5Y2Q0Y2YwOWNmZTE2NzRmYzU3NTMwM2NjOTE3MTllOTM3MWRkMzcyYTljMjVmNmQ0Y2MxOTUzODc0MDhhMTlkMDIxMzI2YzQzZDM2ZDE3MmQ3NjVkODk3OTVmYzljYTQyZDNmMTQ=",
      "node-version": "22.11.0",
      "npm-version": "10.9.0",
      "os": "windows-latest",
      "sample": "mvc-oauth.jdl",
      "samples-group": "native",
    },
    {
      "build-tool": "maven",
      "default-environment": "dev",
      "e2e": "false",
      "java-version": "21",
      "job-name": "webflux-jwt.jdl (maven, windows-latest)",
      "jwt-secret-key": "ZjY4MTM4YjI5YzMwZjhjYjI2OTNkNTRjMWQ5Y2Q0Y2YwOWNmZTE2NzRmYzU3NTMwM2NjOTE3MTllOTM3MWRkMzcyYTljMjVmNmQ0Y2MxOTUzODc0MDhhMTlkMDIxMzI2YzQzZDM2ZDE3MmQ3NjVkODk3OTVmYzljYTQyZDNmMTQ=",
      "node-version": "22.11.0",
      "npm-version": "10.9.0",
      "os": "windows-latest",
      "sample": "webflux-jwt.jdl",
      "samples-group": "native",
    },
    {
      "build-tool": "maven",
      "default-environment": "dev",
      "e2e": "false",
      "java-version": "21",
      "job-name": "webflux-oauth.jdl (maven, windows-latest)",
      "jwt-secret-key": "ZjY4MTM4YjI5YzMwZjhjYjI2OTNkNTRjMWQ5Y2Q0Y2YwOWNmZTE2NzRmYzU3NTMwM2NjOTE3MTllOTM3MWRkMzcyYTljMjVmNmQ0Y2MxOTUzODc0MDhhMTlkMDIxMzI2YzQzZDM2ZDE3MmQ3NjVkODk3OTVmYzljYTQyZDNmMTQ=",
      "node-version": "22.11.0",
      "npm-version": "10.9.0",
      "os": "windows-latest",
      "sample": "webflux-oauth.jdl",
      "samples-group": "native",
    },
    {
      "build-tool": "gradle",
      "default-environment": "dev",
      "e2e": "false",
      "java-version": "21",
      "job-name": "mvc-jwt.jdl (gradle, windows-latest)",
      "jwt-secret-key": "ZjY4MTM4YjI5YzMwZjhjYjI2OTNkNTRjMWQ5Y2Q0Y2YwOWNmZTE2NzRmYzU3NTMwM2NjOTE3MTllOTM3MWRkMzcyYTljMjVmNmQ0Y2MxOTUzODc0MDhhMTlkMDIxMzI2YzQzZDM2ZDE3MmQ3NjVkODk3OTVmYzljYTQyZDNmMTQ=",
      "node-version": "22.11.0",
      "npm-version": "10.9.0",
      "os": "windows-latest",
      "sample": "mvc-jwt.jdl",
      "samples-group": "native",
    },
    {
      "build-tool": "gradle",
      "default-environment": "dev",
      "e2e": "false",
      "java-version": "21",
      "job-name": "mvc-oauth.jdl (gradle, windows-latest)",
      "jwt-secret-key": "ZjY4MTM4YjI5YzMwZjhjYjI2OTNkNTRjMWQ5Y2Q0Y2YwOWNmZTE2NzRmYzU3NTMwM2NjOTE3MTllOTM3MWRkMzcyYTljMjVmNmQ0Y2MxOTUzODc0MDhhMTlkMDIxMzI2YzQzZDM2ZDE3MmQ3NjVkODk3OTVmYzljYTQyZDNmMTQ=",
      "node-version": "22.11.0",
      "npm-version": "10.9.0",
      "os": "windows-latest",
      "sample": "mvc-oauth.jdl",
      "samples-group": "native",
    },
    {
      "build-tool": "gradle",
      "default-environment": "dev",
      "e2e": "false",
      "java-version": "21",
      "job-name": "webflux-jwt.jdl (gradle, windows-latest)",
      "jwt-secret-key": "ZjY4MTM4YjI5YzMwZjhjYjI2OTNkNTRjMWQ5Y2Q0Y2YwOWNmZTE2NzRmYzU3NTMwM2NjOTE3MTllOTM3MWRkMzcyYTljMjVmNmQ0Y2MxOTUzODc0MDhhMTlkMDIxMzI2YzQzZDM2ZDE3MmQ3NjVkODk3OTVmYzljYTQyZDNmMTQ=",
      "node-version": "22.11.0",
      "npm-version": "10.9.0",
      "os": "windows-latest",
      "sample": "webflux-jwt.jdl",
      "samples-group": "native",
    },
    {
      "build-tool": "gradle",
      "default-environment": "dev",
      "e2e": "false",
      "java-version": "21",
      "job-name": "webflux-oauth.jdl (gradle, windows-latest)",
      "jwt-secret-key": "ZjY4MTM4YjI5YzMwZjhjYjI2OTNkNTRjMWQ5Y2Q0Y2YwOWNmZTE2NzRmYzU3NTMwM2NjOTE3MTllOTM3MWRkMzcyYTljMjVmNmQ0Y2MxOTUzODc0MDhhMTlkMDIxMzI2YzQzZDM2ZDE3MmQ3NjVkODk3OTVmYzljYTQyZDNmMTQ=",
      "node-version": "22.11.0",
      "npm-version": "10.9.0",
      "os": "windows-latest",
      "sample": "webflux-oauth.jdl",
      "samples-group": "native",
    },
  ],
}
`;

exports[`generator - github-build-matrix > with samples > should match matrix value 1`] = `
{
  "include": [
    {
      "default-environment": "prod",
      "java-version": "17",
      "job-name": "mvc-jwt",
      "jwt-secret-key": "ZjY4MTM4YjI5YzMwZjhjYjI2OTNkNTRjMWQ5Y2Q0Y2YwOWNmZTE2NzRmYzU3NTMwM2NjOTE3MTllOTM3MWRkMzcyYTljMjVmNmQ0Y2MxOTUzODc0MDhhMTlkMDIxMzI2YzQzZDM2ZDE3MmQ3NjVkODk3OTVmYzljYTQyZDNmMTQ=",
      "node-version": "22.11.0",
      "npm-version": "10.9.0",
      "os": "ubuntu-latest",
      "sample": "mvc-jwt",
      "sample-type": "jdl",
      "samples-group": "samples",
    },
    {
      "default-environment": "prod",
      "java-version": "17",
      "job-name": "mvc-oauth",
      "jwt-secret-key": "ZjY4MTM4YjI5YzMwZjhjYjI2OTNkNTRjMWQ5Y2Q0Y2YwOWNmZTE2NzRmYzU3NTMwM2NjOTE3MTllOTM3MWRkMzcyYTljMjVmNmQ0Y2MxOTUzODc0MDhhMTlkMDIxMzI2YzQzZDM2ZDE3MmQ3NjVkODk3OTVmYzljYTQyZDNmMTQ=",
      "node-version": "22.11.0",
      "npm-version": "10.9.0",
      "os": "ubuntu-latest",
      "sample": "mvc-oauth",
      "sample-type": "jdl",
      "samples-group": "samples",
    },
    {
      "default-environment": "prod",
      "java-version": "17",
      "job-name": "webflux-jwt",
      "jwt-secret-key": "ZjY4MTM4YjI5YzMwZjhjYjI2OTNkNTRjMWQ5Y2Q0Y2YwOWNmZTE2NzRmYzU3NTMwM2NjOTE3MTllOTM3MWRkMzcyYTljMjVmNmQ0Y2MxOTUzODc0MDhhMTlkMDIxMzI2YzQzZDM2ZDE3MmQ3NjVkODk3OTVmYzljYTQyZDNmMTQ=",
      "node-version": "22.11.0",
      "npm-version": "10.9.0",
      "os": "ubuntu-latest",
      "sample": "webflux-jwt",
      "sample-type": "jdl",
      "samples-group": "samples",
    },
    {
      "default-environment": "prod",
      "java-version": "17",
      "job-name": "webflux-oauth",
      "jwt-secret-key": "ZjY4MTM4YjI5YzMwZjhjYjI2OTNkNTRjMWQ5Y2Q0Y2YwOWNmZTE2NzRmYzU3NTMwM2NjOTE3MTllOTM3MWRkMzcyYTljMjVmNmQ0Y2MxOTUzODc0MDhhMTlkMDIxMzI2YzQzZDM2ZDE3MmQ3NjVkODk3OTVmYzljYTQyZDNmMTQ=",
      "node-version": "22.11.0",
      "npm-version": "10.9.0",
      "os": "ubuntu-latest",
      "sample": "webflux-oauth",
      "sample-type": "jdl",
      "samples-group": "samples",
    },
  ],
}
`;
